Archive member included to satisfy reference by file (symbol)

c:/ac6/systemworkbench/plugins/fr.ac6.mcu.externaltools.arm-none.win32_1.17.0.201812190825/tools/compiler/bin/../lib/gcc/arm-none-eabi/7.3.1/thumb/v7e-m/fpv4-sp/hard\libgcc.a(_aeabi_uldivmod.o)
                              Drivers/STM32F4xx_HAL_Driver/Src/stm32f4xx_hal_rcc.o (__aeabi_uldivmod)
c:/ac6/systemworkbench/plugins/fr.ac6.mcu.externaltools.arm-none.win32_1.17.0.201812190825/tools/compiler/bin/../lib/gcc/arm-none-eabi/7.3.1/thumb/v7e-m/fpv4-sp/hard\libgcc.a(_udivmoddi4.o)
                              c:/ac6/systemworkbench/plugins/fr.ac6.mcu.externaltools.arm-none.win32_1.17.0.201812190825/tools/compiler/bin/../lib/gcc/arm-none-eabi/7.3.1/thumb/v7e-m/fpv4-sp/hard\libgcc.a(_aeabi_uldivmod.o) (__udivmoddi4)
c:/ac6/systemworkbench/plugins/fr.ac6.mcu.externaltools.arm-none.win32_1.17.0.201812190825/tools/compiler/bin/../lib/gcc/arm-none-eabi/7.3.1/thumb/v7e-m/fpv4-sp/hard\libgcc.a(_dvmd_tls.o)
                              c:/ac6/systemworkbench/plugins/fr.ac6.mcu.externaltools.arm-none.win32_1.17.0.201812190825/tools/compiler/bin/../lib/gcc/arm-none-eabi/7.3.1/thumb/v7e-m/fpv4-sp/hard\libgcc.a(_aeabi_uldivmod.o) (__aeabi_ldiv0)
c:/ac6/systemworkbench/plugins/fr.ac6.mcu.externaltools.arm-none.win32_1.17.0.201812190825/tools/compiler/bin/../lib/gcc/arm-none-eabi/7.3.1/../../../../arm-none-eabi/lib/thumb/v7e-m/fpv4-sp/hard\libc_nano.a(lib_a-errno.o)
                              Core/Src/syscalls.o (__errno)
c:/ac6/systemworkbench/plugins/fr.ac6.mcu.externaltools.arm-none.win32_1.17.0.201812190825/tools/compiler/bin/../lib/gcc/arm-none-eabi/7.3.1/../../../../arm-none-eabi/lib/thumb/v7e-m/fpv4-sp/hard\libc_nano.a(lib_a-exit.o)
                              c:/ac6/systemworkbench/plugins/fr.ac6.mcu.externaltools.arm-none.win32_1.17.0.201812190825/tools/compiler/bin/../lib/gcc/arm-none-eabi/7.3.1/../../../../arm-none-eabi/lib/thumb/v7e-m/fpv4-sp/hard/crt0.o (exit)
c:/ac6/systemworkbench/plugins/fr.ac6.mcu.externaltools.arm-none.win32_1.17.0.201812190825/tools/compiler/bin/../lib/gcc/arm-none-eabi/7.3.1/../../../../arm-none-eabi/lib/thumb/v7e-m/fpv4-sp/hard\libc_nano.a(lib_a-impure.o)
                              c:/ac6/systemworkbench/plugins/fr.ac6.mcu.externaltools.arm-none.win32_1.17.0.201812190825/tools/compiler/bin/../lib/gcc/arm-none-eabi/7.3.1/../../../../arm-none-eabi/lib/thumb/v7e-m/fpv4-sp/hard\libc_nano.a(lib_a-exit.o) (_global_impure_ptr)
c:/ac6/systemworkbench/plugins/fr.ac6.mcu.externaltools.arm-none.win32_1.17.0.201812190825/tools/compiler/bin/../lib/gcc/arm-none-eabi/7.3.1/../../../../arm-none-eabi/lib/thumb/v7e-m/fpv4-sp/hard\libc_nano.a(lib_a-init.o)
                              c:/ac6/systemworkbench/plugins/fr.ac6.mcu.externaltools.arm-none.win32_1.17.0.201812190825/tools/compiler/bin/../lib/gcc/arm-none-eabi/7.3.1/../../../../arm-none-eabi/lib/thumb/v7e-m/fpv4-sp/hard/crt0.o (__libc_init_array)
c:/ac6/systemworkbench/plugins/fr.ac6.mcu.externaltools.arm-none.win32_1.17.0.201812190825/tools/compiler/bin/../lib/gcc/arm-none-eabi/7.3.1/../../../../arm-none-eabi/lib/thumb/v7e-m/fpv4-sp/hard\libc_nano.a(lib_a-memset.o)
                              c:/ac6/systemworkbench/plugins/fr.ac6.mcu.externaltools.arm-none.win32_1.17.0.201812190825/tools/compiler/bin/../lib/gcc/arm-none-eabi/7.3.1/../../../../arm-none-eabi/lib/thumb/v7e-m/fpv4-sp/hard/crt0.o (memset)

Allocating common symbols
Common symbol       size              file

uwTick              0x4               Drivers/STM32F4xx_HAL_Driver/Src/stm32f4xx_hal.o
pFlash              0x20              Drivers/STM32F4xx_HAL_Driver/Src/stm32f4xx_hal_flash.o
htimer10            0x48              Core/Src/main.o

Discarded input sections

 .text          0x00000000        0x0 c:/ac6/systemworkbench/plugins/fr.ac6.mcu.externaltools.arm-none.win32_1.17.0.201812190825/tools/compiler/bin/../lib/gcc/arm-none-eabi/7.3.1/thumb/v7e-m/fpv4-sp/hard/crti.o
 .data          0x00000000        0x0 c:/ac6/systemworkbench/plugins/fr.ac6.mcu.externaltools.arm-none.win32_1.17.0.201812190825/tools/compiler/bin/../lib/gcc/arm-none-eabi/7.3.1/thumb/v7e-m/fpv4-sp/hard/crti.o
 .bss           0x00000000        0x0 c:/ac6/systemworkbench/plugins/fr.ac6.mcu.externaltools.arm-none.win32_1.17.0.201812190825/tools/compiler/bin/../lib/gcc/arm-none-eabi/7.3.1/thumb/v7e-m/fpv4-sp/hard/crti.o
 .data          0x00000000        0x4 c:/ac6/systemworkbench/plugins/fr.ac6.mcu.externaltools.arm-none.win32_1.17.0.201812190825/tools/compiler/bin/../lib/gcc/arm-none-eabi/7.3.1/thumb/v7e-m/fpv4-sp/hard/crtbegin.o
 .text          0x00000000       0x74 c:/ac6/systemworkbench/plugins/fr.ac6.mcu.externaltools.arm-none.win32_1.17.0.201812190825/tools/compiler/bin/../lib/gcc/arm-none-eabi/7.3.1/../../../../arm-none-eabi/lib/thumb/v7e-m/fpv4-sp/hard/crt0.o
[...]
Memory Configuration

Name             Origin             Length             Attributes
RAM              0x20000000         0x00020000         xrw
FLASH            0x08000000         0x00080000         xr
*default*        0x00000000         0xffffffff

Linker script and memory map

LOAD c:/ac6/systemworkbench/plugins/fr.ac6.mcu.externaltools.arm-none.win32_1.17.0.201812190825/tools/compiler/bin/../lib/gcc/arm-none-eabi/7.3.1/thumb/v7e-m/fpv4-sp/hard/crti.o
LOAD c:/ac6/systemworkbench/plugins/fr.ac6.mcu.externaltools.arm-none.win32_1.17.0.201812190825/tools/compiler/bin/../lib/gcc/arm-none-eabi/7.3.1/thumb/v7e-m/fpv4-sp/hard/crtbegin.o
LOAD c:/ac6/systemworkbench/plugins/fr.ac6.mcu.externaltools.arm-none.win32_1.17.0.201812190825/tools/compiler/bin/../lib/gcc/arm-none-eabi/7.3.1/../../../../arm-none-eabi/lib/thumb/v7e-m/fpv4-sp/hard/crt0.o
LOAD Core/Src/it.o
LOAD Core/Src/main.o
LOAD Core/Src/msp.o
LOAD Core/Src/syscalls.o
LOAD Core/Src/system_stm32f4xx.o
LOAD Drivers/STM32F4xx_HAL_Driver/Src/stm32f4xx_hal.o
LOAD Drivers/STM32F4xx_HAL_Driver/Src/stm32f4xx_hal_cortex.o
LOAD Drivers/STM32F4xx_HAL_Driver/Src/stm32f4xx_hal_dma.o
LOAD Drivers/STM32F4xx_HAL_Driver/Src/stm32f4xx_hal_dma_ex.o
LOAD Drivers/STM32F4xx_HAL_Driver/Src/stm32f4xx_hal_exti.o
LOAD Drivers/STM32F4xx_HAL_Driver/Src/stm32f4xx_hal_flash.o
LOAD Drivers/STM32F4xx_HAL_Driver/Src/stm32f4xx_hal_flash_ex.o
LOAD Drivers/STM32F4xx_HAL_Driver/Src/stm32f4xx_hal_flash_ramfunc.o
LOAD Drivers/STM32F4xx_HAL_Driver/Src/stm32f4xx_hal_gpio.o
LOAD Drivers/STM32F4xx_HAL_Driver/Src/stm32f4xx_hal_pwr.o
LOAD Drivers/STM32F4xx_HAL_Driver/Src/stm32f4xx_hal_pwr_ex.o
LOAD Drivers/STM32F4xx_HAL_Driver/Src/stm32f4xx_hal_rcc.o
LOAD Drivers/STM32F4xx_HAL_Driver/Src/stm32f4xx_hal_rcc_ex.o
LOAD Drivers/STM32F4xx_HAL_Driver/Src/stm32f4xx_hal_tim.o
LOAD Drivers/STM32F4xx_HAL_Driver/Src/stm32f4xx_hal_tim_ex.o
LOAD Drivers/STM32F4xx_HAL_Driver/Src/stm32f4xx_hal_uart.o
LOAD startup/startup_stm32f411xe.o
LOAD c:/ac6/systemworkbench/plugins/fr.ac6.mcu.externaltools.arm-none.win32_1.17.0.201812190825/tools/compiler/bin/../lib/gcc/arm-none-eabi/7.3.1/../../../../arm-none-eabi/lib/thumb/v7e-m/fpv4-sp/hard\libm.a
START GROUP
LOAD c:/ac6/systemworkbench/plugins/fr.ac6.mcu.externaltools.arm-none.win32_1.17.0.201812190825/tools/compiler/bin/../lib/gcc/arm-none-eabi/7.3.1/thumb/v7e-m/fpv4-sp/hard\libgcc.a
LOAD c:/ac6/systemworkbench/plugins/fr.ac6.mcu.externaltools.arm-none.win32_1.17.0.201812190825/tools/compiler/bin/../lib/gcc/arm-none-eabi/7.3.1/../../../../arm-none-eabi/lib/thumb/v7e-m/fpv4-sp/hard\libc_nano.a
END GROUP
START GROUP
LOAD c:/ac6/systemworkbench/plugins/fr.ac6.mcu.externaltools.arm-none.win32_1.17.0.201812190825/tools/compiler/bin/../lib/gcc/arm-none-eabi/7.3.1/thumb/v7e-m/fpv4-sp/hard\libgcc.a
LOAD c:/ac6/systemworkbench/plugins/fr.ac6.mcu.externaltools.arm-none.win32_1.17.0.201812190825/tools/compiler/bin/../lib/gcc/arm-none-eabi/7.3.1/../../../../arm-none-eabi/lib/thumb/v7e-m/fpv4-sp/hard\libc_nano.a
LOAD c:/ac6/systemworkbench/plugins/fr.ac6.mcu.externaltools.arm-none.win32_1.17.0.201812190825/tools/compiler/bin/../lib/gcc/arm-none-eabi/7.3.1/../../../../arm-none-eabi/lib/thumb/v7e-m/fpv4-sp/hard\libnosys.a
END GROUP
START GROUP
LOAD c:/ac6/systemworkbench/plugins/fr.ac6.mcu.externaltools.arm-none.win32_1.17.0.201812190825/tools/compiler/bin/../lib/gcc/arm-none-eabi/7.3.1/thumb/v7e-m/fpv4-sp/hard\libgcc.a
LOAD c:/ac6/systemworkbench/plugins/fr.ac6.mcu.externaltools.arm-none.win32_1.17.0.201812190825/tools/compiler/bin/../lib/gcc/arm-none-eabi/7.3.1/../../../../arm-none-eabi/lib/thumb/v7e-m/fpv4-sp/hard\libc_nano.a
LOAD c:/ac6/systemworkbench/plugins/fr.ac6.mcu.externaltools.arm-none.win32_1.17.0.201812190825/tools/compiler/bin/../lib/gcc/arm-none-eabi/7.3.1/../../../../arm-none-eabi/lib/thumb/v7e-m/fpv4-sp/hard\libnosys.a
END GROUP
LOAD c:/ac6/systemworkbench/plugins/fr.ac6.mcu.externaltools.arm-none.win32_1.17.0.201812190825/tools/compiler/bin/../lib/gcc/arm-none-eabi/7.3.1/thumb/v7e-m/fpv4-sp/hard/crtend.o
LOAD c:/ac6/systemworkbench/plugins/fr.ac6.mcu.externaltools.arm-none.win32_1.17.0.201812190825/tools/compiler/bin/../lib/gcc/arm-none-eabi/7.3.1/thumb/v7e-m/fpv4-sp/hard/crtn.o
                0x20020000                _estack = 0x20020000
                0x00000200                _Min_Heap_Size = 0x200
                0x00000400                _Min_Stack_Size = 0x400

.isr_vector     0x08000000      0x198
                0x08000000                . = ALIGN (0x4)
 *(.isr_vector)
 .isr_vector    0x08000000      0x198 startup/startup_stm32f411xe.o
                0x08000000                g_pfnVectors
                0x08000198                . = ALIGN (0x4)

.text           0x08000198      0x6b8
                0x08000198                . = ALIGN (0x4)
 *(.text)
 .text          0x08000198       0x40 c:/ac6/systemworkbench/plugins/fr.ac6.mcu.externaltools.arm-none.win32_1.17.0.201812190825/tools/compiler/bin/../lib/gcc/arm-none-eabi/7.3.1/thumb/v7e-m/fpv4-sp/hard/crtbegin.o
 *(.text*)
 .text.SysTick_Handler
                0x080001d8        0xc Core/Src/it.o
                0x080001d8                SysTick_Handler
 .text.GPIO_Init
                0x080001e4       0x40 Core/Src/main.o
                0x080001e4                GPIO_Init
 .text.TIMER10_Init
                0x08000224       0x20 Core/Src/main.o
                0x08000224                TIMER10_Init
 .text.main     0x08000244       0x3c Core/Src/main.o
                0x08000244                main
 .text.HAL_MspInit
                0x08000280       0x3c Core/Src/msp.o
                0x08000280                HAL_MspInit
 .text.HAL_TIM_Base_MspInit
                0x080002bc       0x34 Core/Src/msp.o
                0x080002bc                HAL_TIM_Base_MspInit
 .text.SystemInit
                0x080002f0       0x14 Core/Src/system_stm32f4xx.o
                0x080002f0                SystemInit
 .text.HAL_InitTick
                0x08000304       0x48 Drivers/STM32F4xx_HAL_Driver/Src/stm32f4xx_hal.o
                0x08000304                HAL_InitTick
 .text.HAL_Init
                0x0800034c       0x34 Drivers/STM32F4xx_HAL_Driver/Src/stm32f4xx_hal.o
                0x0800034c                HAL_Init
 .text.HAL_IncTick
                0x08000380       0x18 Drivers/STM32F4xx_HAL_Driver/Src/stm32f4xx_hal.o
                0x08000380                HAL_IncTick
 .text.HAL_NVIC_SetPriorityGrouping
                0x08000398       0x24 Drivers/STM32F4xx_HAL_Driver/Src/stm32f4xx_hal_cortex.o
                0x08000398                HAL_NVIC_SetPriorityGrouping
 .text.HAL_NVIC_SetPriority
                0x080003bc       0x68 Drivers/STM32F4xx_HAL_Driver/Src/stm32f4xx_hal_cortex.o
                0x080003bc                HAL_NVIC_SetPriority
 .text.HAL_NVIC_EnableIRQ
                0x08000424       0x1c Drivers/STM32F4xx_HAL_Driver/Src/stm32f4xx_hal_cortex.o
                0x08000424                HAL_NVIC_EnableIRQ
 .text.HAL_SYSTICK_Config
                0x08000440       0x2c Drivers/STM32F4xx_HAL_Driver/Src/stm32f4xx_hal_cortex.o
                0x08000440                HAL_SYSTICK_Config
 .text.HAL_SYSTICK_Callback
                0x0800046c        0x2 Drivers/STM32F4xx_HAL_Driver/Src/stm32f4xx_hal_cortex.o
                0x0800046c                HAL_SYSTICK_Callback
 .text.HAL_SYSTICK_IRQHandler
                0x0800046e        0x8 Drivers/STM32F4xx_HAL_Driver/Src/stm32f4xx_hal_cortex.o
                0x0800046e                HAL_SYSTICK_IRQHandler
 *fill*         0x08000476        0x2 
 .text.HAL_GPIO_Init
                0x08000478      0x1b0 Drivers/STM32F4xx_HAL_Driver/Src/stm32f4xx_hal_gpio.o
                0x08000478                HAL_GPIO_Init
 .text.HAL_GPIO_TogglePin
                0x08000628       0x12 Drivers/STM32F4xx_HAL_Driver/Src/stm32f4xx_hal_gpio.o
                0x08000628                HAL_GPIO_TogglePin
 *fill*         0x0800063a        0x2 
 .text.HAL_TIM_Base_Start
                0x0800063c       0x6c Drivers/STM32F4xx_HAL_Driver/Src/stm32f4xx_hal_tim.o
                0x0800063c                HAL_TIM_Base_Start
 .text.TIM_Base_SetConfig
                0x080006a8       0x9c Drivers/STM32F4xx_HAL_Driver/Src/stm32f4xx_hal_tim.o
                0x080006a8                TIM_Base_SetConfig
 .text.HAL_TIM_Base_Init
                0x08000744       0x56 Drivers/STM32F4xx_HAL_Driver/Src/stm32f4xx_hal_tim.o
                0x08000744                HAL_TIM_Base_Init
 *fill*         0x0800079a        0x2 
 .text.Reset_Handler
                0x0800079c       0x50 startup/startup_stm32f411xe.o
                0x0800079c                Reset_Handler
 .text.Default_Handler
                0x080007ec        0x2 startup/startup_stm32f411xe.o
                0x080007ec                RTC_Alarm_IRQHandler
                0x080007ec                EXTI2_IRQHandler
                0x080007ec                DebugMon_Handler
                0x080007ec                SPI4_IRQHandler
                0x080007ec                TIM1_CC_IRQHandler
                0x080007ec                DMA2_Stream5_IRQHandler
                0x080007ec                HardFault_Handler
                0x080007ec                DMA1_Stream5_IRQHandler
                0x080007ec                PVD_IRQHandler
                0x080007ec                SDIO_IRQHandler
                0x080007ec                TAMP_STAMP_IRQHandler
                0x080007ec                PendSV_Handler
                0x080007ec                NMI_Handler
                0x080007ec                EXTI3_IRQHandler
                0x080007ec                TIM1_UP_TIM10_IRQHandler
                0x080007ec                I2C3_ER_IRQHandler
                0x080007ec                EXTI0_IRQHandler
                0x080007ec                I2C2_EV_IRQHandler
                0x080007ec                DMA1_Stream2_IRQHandler
                0x080007ec                FPU_IRQHandler
                0x080007ec                UsageFault_Handler
                0x080007ec                DMA2_Stream2_IRQHandler
                0x080007ec                SPI1_IRQHandler
                0x080007ec                TIM1_BRK_TIM9_IRQHandler
                0x080007ec                DMA2_Stream3_IRQHandler
                0x080007ec                USART6_IRQHandler
                0x080007ec                DMA2_Stream0_IRQHandler
                0x080007ec                TIM4_IRQHandler
                0x080007ec                I2C1_EV_IRQHandler
                0x080007ec                DMA1_Stream6_IRQHandler
                0x080007ec                DMA1_Stream1_IRQHandler
                0x080007ec                TIM3_IRQHandler
                0x080007ec                RCC_IRQHandler
                0x080007ec                Default_Handler
                0x080007ec                EXTI15_10_IRQHandler
                0x080007ec                ADC_IRQHandler
                0x080007ec                DMA1_Stream7_IRQHandler
                0x080007ec                SPI5_IRQHandler
                0x080007ec                TIM5_IRQHandler
                0x080007ec                DMA2_Stream7_IRQHandler
                0x080007ec                I2C3_EV_IRQHandler
                0x080007ec                EXTI9_5_IRQHandler
                0x080007ec                RTC_WKUP_IRQHandler
                0x080007ec                SPI2_IRQHandler
                0x080007ec                MemManage_Handler
                0x080007ec                DMA1_Stream0_IRQHandler
                0x080007ec                SVC_Handler
                0x080007ec                EXTI4_IRQHandler
                0x080007ec                WWDG_IRQHandler
                0x080007ec                TIM2_IRQHandler
                0x080007ec                OTG_FS_WKUP_IRQHandler
                0x080007ec                TIM1_TRG_COM_TIM11_IRQHandler
                0x080007ec                EXTI1_IRQHandler
                0x080007ec                USART2_IRQHandler
                0x080007ec                I2C2_ER_IRQHandler
                0x080007ec                DMA2_Stream1_IRQHandler
                0x080007ec                FLASH_IRQHandler
                0x080007ec                DMA2_Stream4_IRQHandler
                0x080007ec                BusFault_Handler
                0x080007ec                USART1_IRQHandler
                0x080007ec                OTG_FS_IRQHandler
                0x080007ec                SPI3_IRQHandler
                0x080007ec                DMA1_Stream4_IRQHandler
                0x080007ec                I2C1_ER_IRQHandler
                0x080007ec                DMA2_Stream6_IRQHandler
                0x080007ec                DMA1_Stream3_IRQHandler
 *fill*         0x080007ee        0x2 
 .text.__libc_init_array
                0x080007f0       0x48 c:/ac6/systemworkbench/plugins/fr.ac6.mcu.externaltools.arm-none.win32_1.17.0.201812190825/tools/compiler/bin/../lib/gcc/arm-none-eabi/7.3.1/../../../../arm-none-eabi/lib/thumb/v7e-m/fpv4-sp/hard\libc_nano.a(lib_a-init.o)
                0x080007f0                __libc_init_array
 *(.glue_7)
 .glue_7        0x08000838        0x0 linker stubs
 *(.glue_7t)
 .glue_7t       0x08000838        0x0 linker stubs
 *(.eh_frame)
 .eh_frame      0x08000838        0x0 c:/ac6/systemworkbench/plugins/fr.ac6.mcu.externaltools.arm-none.win32_1.17.0.201812190825/tools/compiler/bin/../lib/gcc/arm-none-eabi/7.3.1/thumb/v7e-m/fpv4-sp/hard/crtbegin.o
 *(.init)
 .init          0x08000838        0x4 c:/ac6/systemworkbench/plugins/fr.ac6.mcu.externaltools.arm-none.win32_1.17.0.201812190825/tools/compiler/bin/../lib/gcc/arm-none-eabi/7.3.1/thumb/v7e-m/fpv4-sp/hard/crti.o
                0x08000838                _init
 .init          0x0800083c        0x8 c:/ac6/systemworkbench/plugins/fr.ac6.mcu.externaltools.arm-none.win32_1.17.0.201812190825/tools/compiler/bin/../lib/gcc/arm-none-eabi/7.3.1/thumb/v7e-m/fpv4-sp/hard/crtn.o
 *(.fini)
 .fini          0x08000844        0x4 c:/ac6/systemworkbench/plugins/fr.ac6.mcu.externaltools.arm-none.win32_1.17.0.201812190825/tools/compiler/bin/../lib/gcc/arm-none-eabi/7.3.1/thumb/v7e-m/fpv4-sp/hard/crti.o
                0x08000844                _fini
 .fini          0x08000848        0x8 c:/ac6/systemworkbench/plugins/fr.ac6.mcu.externaltools.arm-none.win32_1.17.0.201812190825/tools/compiler/bin/../lib/gcc/arm-none-eabi/7.3.1/thumb/v7e-m/fpv4-sp/hard/crtn.o
                0x08000850                . = ALIGN (0x4)
                0x08000850                _etext = .

.vfp11_veneer   0x08000850        0x0
 .vfp11_veneer  0x08000850        0x0 linker stubs

.v4_bx          0x08000850        0x0
 .v4_bx         0x08000850        0x0 linker stubs

.iplt           0x08000850        0x0
 .iplt          0x08000850        0x0 c:/ac6/systemworkbench/plugins/fr.ac6.mcu.externaltools.arm-none.win32_1.17.0.201812190825/tools/compiler/bin/../lib/gcc/arm-none-eabi/7.3.1/thumb/v7e-m/fpv4-sp/hard/crtbegin.o

.rel.dyn        0x08000850        0x0
 .rel.iplt      0x08000850        0x0 c:/ac6/systemworkbench/plugins/fr.ac6.mcu.externaltools.arm-none.win32_1.17.0.201812190825/tools/compiler/bin/../lib/gcc/arm-none-eabi/7.3.1/thumb/v7e-m/fpv4-sp/hard/crtbegin.o

.rodata         0x08000850        0x0
                0x08000850                . = ALIGN (0x4)
 *(.rodata)
 *(.rodata*)
                0x08000850                . = ALIGN (0x4)

.ARM.extab
 *(.ARM.extab* .gnu.linkonce.armextab.*)

.ARM            0x08000850        0x0
                0x08000850                __exidx_start = .
 *(.ARM.exidx*)
                0x08000850                __exidx_end = .

.preinit_array  0x08000850        0x0
                0x08000850                PROVIDE (__preinit_array_start = .)
 *(.preinit_array*)
                0x08000850                PROVIDE (__preinit_array_end = .)

.init_array     0x08000850        0x4
                0x08000850                PROVIDE (__init_array_start = .)
 *(SORT_BY_NAME(.init_array.*))
 *(.init_array*)
 .init_array    0x08000850        0x4 c:/ac6/systemworkbench/plugins/fr.ac6.mcu.externaltools.arm-none.win32_1.17.0.201812190825/tools/compiler/bin/../lib/gcc/arm-none-eabi/7.3.1/thumb/v7e-m/fpv4-sp/hard/crtbegin.o
                0x08000854                PROVIDE (__init_array_end = .)

.fini_array     0x08000854        0x4
                [!provide]                PROVIDE (__fini_array_start = .)
 *(SORT_BY_NAME(.fini_array.*))
 *(.fini_array*)
 .fini_array    0x08000854        0x4 c:/ac6/systemworkbench/plugins/fr.ac6.mcu.externaltools.arm-none.win32_1.17.0.201812190825/tools/compiler/bin/../lib/gcc/arm-none-eabi/7.3.1/thumb/v7e-m/fpv4-sp/hard/crtbegin.o
                [!provide]                PROVIDE (__fini_array_end = .)
                0x08000858                _sidata = LOADADDR (.data)

.data           0x20000000        0xc load address 0x08000858
                0x20000000                . = ALIGN (0x4)
                0x20000000                _sdata = .
 *(.data)
 .data          0x20000000        0x4 Core/Src/system_stm32f4xx.o
                0x20000000                SystemCoreClock
 .data          0x20000004        0x8 Drivers/STM32F4xx_HAL_Driver/Src/stm32f4xx_hal.o
                0x20000004                uwTickFreq
                0x20000008                uwTickPrio
 *(.data*)
                0x2000000c                . = ALIGN (0x4)
                0x2000000c                _edata = .

.igot.plt       0x2000000c        0x0 load address 0x08000864
 .igot.plt      0x2000000c        0x0 c:/ac6/systemworkbench/plugins/fr.ac6.mcu.externaltools.arm-none.win32_1.17.0.201812190825/tools/compiler/bin/../lib/gcc/arm-none-eabi/7.3.1/thumb/v7e-m/fpv4-sp/hard/crtbegin.o
                0x2000000c                . = ALIGN (0x4)

.bss            0x2000000c       0x68 load address 0x08000864
                0x2000000c                _sbss = .
                0x2000000c                __bss_start__ = _sbss
 *(.bss)
 .bss           0x2000000c       0x1c c:/ac6/systemworkbench/plugins/fr.ac6.mcu.externaltools.arm-none.win32_1.17.0.201812190825/tools/compiler/bin/../lib/gcc/arm-none-eabi/7.3.1/thumb/v7e-m/fpv4-sp/hard/crtbegin.o
 *(.bss*)
 *(COMMON)
 COMMON         0x20000028       0x48 Core/Src/main.o
                0x20000028                htimer10
 COMMON         0x20000070        0x4 Drivers/STM32F4xx_HAL_Driver/Src/stm32f4xx_hal.o
                0x20000070                uwTick
                0x20000074                . = ALIGN (0x4)
                0x20000074                _ebss = .
                0x20000074                __bss_end__ = _ebss

._user_heap_stack
                0x20000074      0x604 load address 0x08000864
                0x20000078                . = ALIGN (0x8)
 *fill*         0x20000074        0x4 
                0x20000078                PROVIDE (end = .)
                [!provide]                PROVIDE (_end = .)
                0x20000278                . = (. + _Min_Heap_Size)
 *fill*         0x20000078      0x200 
                0x20000678                . = (. + _Min_Stack_Size)
 *fill*         0x20000278      0x400 
                0x20000678                . = ALIGN (0x8)

/DISCARD/
 libc.a(*)
 libm.a(*)
 libgcc.a(*)

.ARM.attributes
                0x00000000       0x30
 *(.ARM.attributes)
 .ARM.attributes
                0x00000000       0x22 c:/ac6/systemworkbench/plugins/fr.ac6.mcu.externaltools.arm-none.win32_1.17.0.201812190825/tools/compiler/bin/../lib/gcc/arm-none-eabi/7.3.1/thumb/v7e-m/fpv4-sp/hard/crti.o
 .ARM.attributes
                0x00000022       0x34 c:/ac6/systemworkbench/plugins/fr.ac6.mcu.externaltools.arm-none.win32_1.17.0.201812190825/tools/compiler/bin/../lib/gcc/arm-none-eabi/7.3.1/thumb/v7e-m/fpv4-sp/hard/crtbegin.o
 .ARM.attributes
                0x00000056       0x39 Core/Src/it.o
 .ARM.attributes
                0x0000008f       0x39 Core/Src/main.o
 .ARM.attributes
                0x000000c8       0x39 Core/Src/msp.o
 .ARM.attributes
                0x00000101       0x39 Core/Src/system_stm32f4xx.o
 .ARM.attributes
                0x0000013a       0x39 Drivers/STM32F4xx_HAL_Driver/Src/stm32f4xx_hal.o
 .ARM.attributes
                0x00000173       0x39 Drivers/STM32F4xx_HAL_Driver/Src/stm32f4xx_hal_cortex.o
 .ARM.attributes
                0x000001ac       0x39 Drivers/STM32F4xx_HAL_Driver/Src/stm32f4xx_hal_gpio.o
 .ARM.attributes
                0x000001e5       0x39 Drivers/STM32F4xx_HAL_Driver/Src/stm32f4xx_hal_tim.o
 .ARM.attributes
                0x0000021e       0x21 startup/startup_stm32f411xe.o
 .ARM.attributes
                0x0000023f       0x34 c:/ac6/systemworkbench/plugins/fr.ac6.mcu.externaltools.arm-none.win32_1.17.0.201812190825/tools/compiler/bin/../lib/gcc/arm-none-eabi/7.3.1/../../../../arm-none-eabi/lib/thumb/v7e-m/fpv4-sp/hard\libc_nano.a(lib_a-init.o)
 .ARM.attributes
                0x00000273       0x22 c:/ac6/systemworkbench/plugins/fr.ac6.mcu.externaltools.arm-none.win32_1.17.0.201812190825/tools/compiler/bin/../lib/gcc/arm-none-eabi/7.3.1/thumb/v7e-m/fpv4-sp/hard/crtn.o
OUTPUT(Time_Base_100ms.elf elf32-littlearm)

.debug_info     0x00000000     0x7f08
 .debug_info    0x00000000      0x1b0 Core/Src/it.o
 .debug_info    0x000001b0     0x131d Core/Src/main.o
 .debug_info    0x000014cd      0xcf2 Core/Src/msp.o
 .debug_info    0x000021bf      0x583 Core/Src/system_stm32f4xx.o
 .debug_info    0x00002742      0x981 Drivers/STM32F4xx_HAL_Driver/Src/stm32f4xx_hal.o
 .debug_info    0x000030c3      0xefc Drivers/STM32F4xx_HAL_Driver/Src/stm32f4xx_hal_cortex.o
 .debug_info    0x00003fbf      0x7f2 Drivers/STM32F4xx_HAL_Driver/Src/stm32f4xx_hal_gpio.o
 .debug_info    0x000047b1     0x3735 Drivers/STM32F4xx_HAL_Driver/Src/stm32f4xx_hal_tim.o
 .debug_info    0x00007ee6       0x22 startup/startup_stm32f411xe.o

.debug_abbrev   0x00000000      0xfdc
 .debug_abbrev  0x00000000       0xdd Core/Src/it.o
 .debug_abbrev  0x000000dd      0x29d Core/Src/main.o
 .debug_abbrev  0x0000037a      0x1ba Core/Src/msp.o
 .debug_abbrev  0x00000534      0x12b Core/Src/system_stm32f4xx.o
 .debug_abbrev  0x0000065f      0x218 Drivers/STM32F4xx_HAL_Driver/Src/stm32f4xx_hal.o
 .debug_abbrev  0x00000877      0x328 Drivers/STM32F4xx_HAL_Driver/Src/stm32f4xx_hal_cortex.o
 .debug_abbrev  0x00000b9f      0x1e7 Drivers/STM32F4xx_HAL_Driver/Src/stm32f4xx_hal_gpio.o
 .debug_abbrev  0x00000d86      0x244 Drivers/STM32F4xx_HAL_Driver/Src/stm32f4xx_hal_tim.o
 .debug_abbrev  0x00000fca       0x12 startup/startup_stm32f411xe.o

.debug_aranges  0x00000000      0x698
 .debug_aranges
                0x00000000       0x20 Core/Src/it.o
 .debug_aranges
                0x00000020       0x40 Core/Src/main.o
 .debug_aranges
                0x00000060       0x28 Core/Src/msp.o
 .debug_aranges
                0x00000088       0x28 Core/Src/system_stm32f4xx.o
 .debug_aranges
                0x000000b0       0xf0 Drivers/STM32F4xx_HAL_Driver/Src/stm32f4xx_hal.o
 .debug_aranges
                0x000001a0       0xa8 Drivers/STM32F4xx_HAL_Driver/Src/stm32f4xx_hal_cortex.o
 .debug_aranges
                0x00000248       0x58 Drivers/STM32F4xx_HAL_Driver/Src/stm32f4xx_hal_gpio.o
 .debug_aranges
                0x000002a0      0x3d0 Drivers/STM32F4xx_HAL_Driver/Src/stm32f4xx_hal_tim.o
 .debug_aranges
                0x00000670       0x28 startup/startup_stm32f411xe.o

.debug_ranges   0x00000000      0x670
 .debug_ranges  0x00000000       0x10 Core/Src/it.o
 .debug_ranges  0x00000010       0x30 Core/Src/main.o
 .debug_ranges  0x00000040       0x18 Core/Src/msp.o
 .debug_ranges  0x00000058       0x18 Core/Src/system_stm32f4xx.o
 .debug_ranges  0x00000070       0xe0 Drivers/STM32F4xx_HAL_Driver/Src/stm32f4xx_hal.o
 .debug_ranges  0x00000150       0xf8 Drivers/STM32F4xx_HAL_Driver/Src/stm32f4xx_hal_cortex.o
 .debug_ranges  0x00000248       0x48 Drivers/STM32F4xx_HAL_Driver/Src/stm32f4xx_hal_gpio.o
 .debug_ranges  0x00000290      0x3c0 Drivers/STM32F4xx_HAL_Driver/Src/stm32f4xx_hal_tim.o
 .debug_ranges  0x00000650       0x20 startup/startup_stm32f411xe.o

.debug_macro    0x00000000    0x15699
 .debug_macro   0x00000000      0x1d8 Core/Src/it.o
 .debug_macro   0x000001d8      0xa54 Core/Src/it.o
 .debug_macro   0x00000c2c      0x29b Core/Src/it.o
 .debug_macro   0x00000ec7       0x2e Core/Src/it.o
 .debug_macro   0x00000ef5       0x28 Core/Src/it.o
 .debug_macro   0x00000f1d       0x22 Core/Src/it.o
 .debug_macro   0x00000f3f       0x8e Core/Src/it.o
 .debug_macro   0x00000fcd       0x51 Core/Src/it.o
 .debug_macro   0x0000101e       0xef Core/Src/it.o
 .debug_macro   0x0000110d       0x6a Core/Src/it.o
 .debug_macro   0x00001177      0x1df Core/Src/it.o
 .debug_macro   0x00001356       0x1c Core/Src/it.o
 .debug_macro   0x00001372       0x22 Core/Src/it.o
 .debug_macro   0x00001394       0xdf Core/Src/it.o
 .debug_macro   0x00001473     0x102d Core/Src/it.o
 .debug_macro   0x000024a0      0x11f Core/Src/it.o
 .debug_macro   0x000025bf     0xb953 Core/Src/it.o
 .debug_macro   0x0000df12       0x6d Core/Src/it.o
 .debug_macro   0x0000df7f     0x3666 Core/Src/it.o
 .debug_macro   0x000115e5      0x174 Core/Src/it.o
 .debug_macro   0x00011759       0x5c Core/Src/it.o
 .debug_macro   0x000117b5      0x447 Core/Src/it.o
 .debug_macro   0x00011bfc      0x9fe Core/Src/it.o
 .debug_macro   0x000125fa      0x116 Core/Src/it.o
 .debug_macro   0x00012710      0x11b Core/Src/it.o
 .debug_macro   0x0001282b       0xa5 Core/Src/it.o
 .debug_macro   0x000128d0      0x15f Core/Src/it.o
 .debug_macro   0x00012a2f      0x287 Core/Src/it.o
 .debug_macro   0x00012cb6       0x5f Core/Src/it.o
 .debug_macro   0x00012d15      0x236 Core/Src/it.o
 .debug_macro   0x00012f4b      0x132 Core/Src/it.o
 .debug_macro   0x0001307d      0x264 Core/Src/it.o
 .debug_macro   0x000132e1       0x2e Core/Src/it.o
 .debug_macro   0x0001330f      0x11a Core/Src/it.o
 .debug_macro   0x00013429       0x85 Core/Src/it.o
 .debug_macro   0x000134ae       0x89 Core/Src/it.o
 .debug_macro   0x00013537      0x8d1 Core/Src/it.o
 .debug_macro   0x00013e08       0x47 Core/Src/it.o
 .debug_macro   0x00013e4f      0x295 Core/Src/it.o
 .debug_macro   0x000140e4      0x126 Core/Src/it.o
 .debug_macro   0x0001420a      0x294 Core/Src/main.o
 .debug_macro   0x0001449e       0x5e Core/Src/main.o
 .debug_macro   0x000144fc       0x18 Core/Src/main.o
 .debug_macro   0x00014514       0x35 Core/Src/main.o
 .debug_macro   0x00014549       0x34 Core/Src/main.o
 .debug_macro   0x0001457d       0x58 Core/Src/main.o
 .debug_macro   0x000145d5       0x1f Core/Src/main.o
 .debug_macro   0x000145f4       0x43 Core/Src/main.o
 .debug_macro   0x00014637       0x20 Core/Src/main.o
 .debug_macro   0x00014657      0x18e Core/Src/main.o
 .debug_macro   0x000147e5      0x32a Core/Src/main.o
 .debug_macro   0x00014b0f       0x10 Core/Src/main.o
 .debug_macro   0x00014b1f       0x35 Core/Src/main.o
 .debug_macro   0x00014b54      0x1d8 Core/Src/msp.o
 .debug_macro   0x00014d2c      0x1ce Core/Src/system_stm32f4xx.o
 .debug_macro   0x00014efa      0x22e Drivers/STM32F4xx_HAL_Driver/Src/stm32f4xx_hal.o
 .debug_macro   0x00015128      0x1ce Drivers/STM32F4xx_HAL_Driver/Src/stm32f4xx_hal_cortex.o
 .debug_macro   0x000152f6      0x1d4 Drivers/STM32F4xx_HAL_Driver/Src/stm32f4xx_hal_gpio.o
 .debug_macro   0x000154ca      0x1cf Drivers/STM32F4xx_HAL_Driver/Src/stm32f4xx_hal_tim.o

.debug_line     0x00000000     0x608f
 .debug_line    0x00000000      0x79c Core/Src/it.o
 .debug_line    0x0000079c      0x88d Core/Src/main.o
 .debug_line    0x00001029      0x7b5 Core/Src/msp.o
 .debug_line    0x000017de      0x7ce Core/Src/system_stm32f4xx.o
 .debug_line    0x00001fac      0x9ac Drivers/STM32F4xx_HAL_Driver/Src/stm32f4xx_hal.o
 .debug_line    0x00002958      0x9fe Drivers/STM32F4xx_HAL_Driver/Src/stm32f4xx_hal_cortex.o
 .debug_line    0x00003356      0x90c Drivers/STM32F4xx_HAL_Driver/Src/stm32f4xx_hal_gpio.o
 .debug_line    0x00003c62     0x23ac Drivers/STM32F4xx_HAL_Driver/Src/stm32f4xx_hal_tim.o
 .debug_line    0x0000600e       0x81 startup/startup_stm32f411xe.o

.debug_str      0x00000000    0x8b54c
 .debug_str     0x00000000    0x865e8 Core/Src/it.o
                              0x86869 (size before relaxing)
 .debug_str     0x000865e8     0x31bd Core/Src/main.o
                              0x89ad1 (size before relaxing)
 .debug_str     0x000897a5      0x45f Core/Src/msp.o
                              0x872c4 (size before relaxing)
 .debug_str     0x00089c04       0x5b Core/Src/system_stm32f4xx.o
                              0x869d5 (size before relaxing)
 .debug_str     0x00089c5f      0x5b1 Drivers/STM32F4xx_HAL_Driver/Src/stm32f4xx_hal.o
                              0x873a4 (size before relaxing)
 .debug_str     0x0008a210      0x339 Drivers/STM32F4xx_HAL_Driver/Src/stm32f4xx_hal_cortex.o
                              0x8713c (size before relaxing)
 .debug_str     0x0008a549      0x15a Drivers/STM32F4xx_HAL_Driver/Src/stm32f4xx_hal_gpio.o
                              0x86b7c (size before relaxing)
 .debug_str     0x0008a6a3      0xe7a Drivers/STM32F4xx_HAL_Driver/Src/stm32f4xx_hal_tim.o
                              0x87d45 (size before relaxing)
 .debug_str     0x0008b51d       0x2f startup/startup_stm32f411xe.o
                                 0x8d (size before relaxing)

.comment        0x00000000       0x7f
 .comment       0x00000000       0x7f Core/Src/it.o
                                 0x80 (size before relaxing)
 .comment       0x0000007f       0x80 Core/Src/main.o
 .comment       0x0000007f       0x80 Core/Src/msp.o
 .comment       0x0000007f       0x80 Core/Src/system_stm32f4xx.o
 .comment       0x0000007f       0x80 Drivers/STM32F4xx_HAL_Driver/Src/stm32f4xx_hal.o
 .comment       0x0000007f       0x80 Drivers/STM32F4xx_HAL_Driver/Src/stm32f4xx_hal_cortex.o
 .comment       0x0000007f       0x80 Drivers/STM32F4xx_HAL_Driver/Src/stm32f4xx_hal_gpio.o
 .comment       0x0000007f       0x80 Drivers/STM32F4xx_HAL_Driver/Src/stm32f4xx_hal_tim.o

.debug_frame    0x00000000     0x1110
 .debug_frame   0x00000000       0x28 Core/Src/it.o
 .debug_frame   0x00000028       0x7c Core/Src/main.o
 .debug_frame   0x000000a4       0x48 Core/Src/msp.o
 .debug_frame   0x000000ec       0x30 Core/Src/system_stm32f4xx.o
 .debug_frame   0x0000011c      0x1ec Drivers/STM32F4xx_HAL_Driver/Src/stm32f4xx_hal.o
 .debug_frame   0x00000308      0x15c Drivers/STM32F4xx_HAL_Driver/Src/stm32f4xx_hal_cortex.o
 .debug_frame   0x00000464       0xd8 Drivers/STM32F4xx_HAL_Driver/Src/stm32f4xx_hal_gpio.o
 .debug_frame   0x0000053c      0xba8 Drivers/STM32F4xx_HAL_Driver/Src/stm32f4xx_hal_tim.o
 .debug_frame   0x000010e4       0x2c c:/ac6/systemworkbench/plugins/fr.ac6.mcu.externaltools.arm-none.win32_1.17.0.201812190825/tools/compiler/bin/../lib/gcc/arm-none-eabi/7.3.1/../../../../arm-none-eabi/lib/thumb/v7e-m/fpv4-sp/hard\libc_nano.a(lib_a-init.o)

.debug_loc      0x00000000     0x57af
 .debug_loc     0x00000000       0x21 Core/Src/msp.o
 .debug_loc     0x00000021      0x13e Core/Src/system_stm32f4xx.o
 .debug_loc     0x0000015f      0x11b Drivers/STM32F4xx_HAL_Driver/Src/stm32f4xx_hal.o
 .debug_loc     0x0000027a      0x5ce Drivers/STM32F4xx_HAL_Driver/Src/stm32f4xx_hal_cortex.o
 .debug_loc     0x00000848      0x475 Drivers/STM32F4xx_HAL_Driver/Src/stm32f4xx_hal_gpio.o
 .debug_loc     0x00000cbd     0x4af2 Drivers/STM32F4xx_HAL_Driver/Src/stm32f4xx_hal_tim.o
